2026-07-22 20:07:45 INFO  TC_001_AccountRegistrationPageTest:14 - ******Starting TC_001_AccountRegistrationPage***********
2026-07-22 20:07:45 INFO  TC_001_AccountRegistrationPageTest:18 - Clicking on MyAccount link.....
2026-07-22 20:07:46 INFO  TC_001_AccountRegistrationPageTest:21 - Clicking on Register link.....
2026-07-22 20:07:46 INFO  TC_001_AccountRegistrationPageTest:26 - Providing customer info.....
2026-07-22 20:07:49 INFO  TC_001_AccountRegistrationPageTest:40 -  Validating expected message... 
2026-07-22 20:07:50 INFO  TC_001_AccountRegistrationPageTest:63 - *****Finished TC_001_AccountRegistrationPage***** 
2026-07-22 20:07:54 INFO  TC_002_LoginTest:16 - ******Starting TC_002_LoginTest*****
2026-07-22 20:07:57 INFO  TC_002_LoginTest:40 - *****Finishing TC_002_LoginTest*****
2026-07-22 20:08:05 INFO  TC_003_LoginDDT:26 - **** Starting TC_003_LoginDDT *****
2026-07-22 20:08:08 INFO  TC_003_LoginDDT:76 - **** Finished TC_003_LoginDDT *****
2026-07-22 20:08:08 INFO  TC_003_LoginDDT:26 - **** Starting TC_003_LoginDDT *****
2026-07-22 20:08:11 INFO  TC_003_LoginDDT:76 - **** Finished TC_003_LoginDDT *****
2026-07-22 20:08:11 INFO  TC_003_LoginDDT:26 - **** Starting TC_003_LoginDDT *****
2026-07-22 20:08:21 INFO  TC_003_LoginDDT:26 - **** Starting TC_003_LoginDDT *****
2026-07-22 20:08:32 INFO  TC_003_LoginDDT:26 - **** Starting TC_003_LoginDDT *****
2026-07-22 20:08:35 INFO  TC_003_LoginDDT:76 - **** Finished TC_003_LoginDDT *****
2026-07-22 20:08:35 INFO  TC_003_LoginDDT:26 - **** Starting TC_003_LoginDDT *****
2026-07-22 20:08:48 INFO  TC_003_LoginDDT:76 - **** Finished TC_003_LoginDDT *****
2026-07-22 20:08:53 INFO  TC_004_SearchProductTest:14 -  Starting TC_004_SearchProductTest 
2026-07-22 20:08:54 INFO  TC_004_SearchProductTest:34 -  Finished TC_004_SearchProductTest 
2026-07-22 20:09:01 INFO  TC_005_AddToCartPageTest:15 -  Starting TC_005_AddToCartPageTest 
